Copyright 1986-2022 Xilinx, Inc. All Rights Reserved. Copyright 2022-2026 Advanced Micro Devices, Inc. All Rights Reserved.
---------------------------------------------------------------------------------------------------------------------------------------------
| Tool Version : Vivado v.2026.1 (lin64) Build 6511674 Tue Jun 16 11:01:26 MDT 2026
| Date         : Wed Aug 26 15:46:57 2026
| Host         : RGB running 64-bit Ubuntu 24.04.4 LTS
| Command      : report_drc -file /home/rmann/fk_blake2b_lab/blake2b-profile0-fk33-bscan-200-build-20260826T181650Z/output/drc_routed.rpt
| Design       : miner_top_blake2b_profile0_bscan_200
| Device       : xcvu33p-fsvh2104-2-e
| Speed File   : -2
| Design State : Fully Routed
---------------------------------------------------------------------------------------------------------------------------------------------

Report DRC

Table of Contents
-----------------
1. REPORT SUMMARY
2. REPORT DETAILS

1. REPORT SUMMARY
-----------------
            Netlist: miner_top_blake2b_profile0_bscan_200
          Floorplan: design_1
      Design limits: <entire design considered>
           Ruledeck: default
             Max checks: <unlimited>
             Checks found: 1
+-----------+----------+-------------------+--------+
| Rule      | Severity | Description       | Checks |
+-----------+----------+-------------------+--------+
| RTSTAT-10 | Warning  | No routable loads | 1      |
+-----------+----------+-------------------+--------+

2. REPORT DETAILS
-----------------
RTSTAT-10#1 Warning
No routable loads  
1280 net(s) have no routable loads. The problem bus(es) and/or net(s) are u_controller/u_miner/u_core_0/digest_out[256],
u_controller/u_miner/u_core_0/digest_out[257],
u_controller/u_miner/u_core_0/digest_out[258],
u_controller/u_miner/u_core_0/digest_out[259],
u_controller/u_miner/u_core_0/digest_out[260],
u_controller/u_miner/u_core_0/digest_out[261],
u_controller/u_miner/u_core_0/digest_out[262],
u_controller/u_miner/u_core_0/digest_out[263],
u_controller/u_miner/u_core_0/digest_out[264],
u_controller/u_miner/u_core_0/digest_out[265],
u_controller/u_miner/u_core_0/digest_out[266],
u_controller/u_miner/u_core_0/digest_out[267],
u_controller/u_miner/u_core_0/digest_out[268],
u_controller/u_miner/u_core_0/digest_out[269],
u_controller/u_miner/u_core_0/digest_out[270]
 (the first 15 of 1280 listed).
Related violations: <none>


